// Vitest Snapshot v1, https://vitest.dev/guide/snapshot.html

exports[`renderSlideHtml > renders a stable document for a fixture slide 1`] = `
"<!doctype html>
<html lang="en" data-template="A" data-template-version="1.0.0">
<head>
<meta charset="utf-8">
<meta name="viewport" content="width=1080,initial-scale=1">
<style>
@font-face{font-family:"Fraunces";font-style:normal;font-weight:100 900;font-display:block;src:url(data:font/woff2;base64,…) format("woff2");unicode-range:U+0000-00FF,U+0131,U+0152-0153,U+02BB-02BC,U+02C6,U+02DA,U+02DC,U+0304,U+0308,U+0329,U+2000-206F,U+20AC,U+2122,U+2191,U+2193,U+2212,U+2215,U+FEFF,U+FFFD;}
@font-face{font-family:"Fraunces";font-style:normal;font-weight:100 900;font-display:block;src:url(data:font/woff2;base64,…) format("woff2");unicode-range:U+0100-02BA,U+02BD-02C5,U+02C7-02CC,U+02CE-02D7,U+02DD-02FF,U+0304,U+0308,U+0329,U+1D00-1DBF,U+1E00-1E9F,U+1EF2-1EFF,U+2020,U+20A0-20AB,U+20AD-20C0,U+2113,U+2C60-2C7F,U+A720-A7FF;}
@font-face{font-family:"Inter";font-style:normal;font-weight:100 900;font-display:block;src:url(data:font/woff2;base64,…) format("woff2");unicode-range:U+0000-00FF,U+0131,U+0152-0153,U+02BB-02BC,U+02C6,U+02DA,U+02DC,U+0304,U+0308,U+0329,U+2000-206F,U+20AC,U+2122,U+2191,U+2193,U+2212,U+2215,U+FEFF,U+FFFD;}
@font-face{font-family:"Inter";font-style:normal;font-weight:100 900;font-display:block;src:url(data:font/woff2;base64,…) format("woff2");unicode-range:U+0100-02BA,U+02BD-02C5,U+02C7-02CC,U+02CE-02D7,U+02DD-02FF,U+0304,U+0308,U+0329,U+1D00-1DBF,U+1E00-1E9F,U+1EF2-1EFF,U+2020,U+20A0-20AB,U+20AD-20C0,U+2113,U+2C60-2C7F,U+A720-A7FF;}
*{box-sizing:border-box;margin:0;padding:0}
html,body{width:1080px;height:1350px;background:#fff;overflow:hidden}
.rc-slide{position:relative;width:1080px;height:1350px;overflow:hidden;background:var(--rc-bg);color:var(--rc-text);font-family:var(--rc-font-body);-webkit-font-smoothing:antialiased;hyphens:none;-webkit-hyphens:none;font-kerning:normal;text-rendering:geometricPrecision}
.slot{flex:none;overflow:hidden;overflow-wrap:break-word;word-break:normal}
.slot.display{font-family:var(--rc-font-display);line-height:1.12;padding-block:.1em;text-wrap:balance;font-weight:600}
.slot.body{font-family:var(--rc-font-body);line-height:1.3;padding-block:.06em;font-weight:400}
.img{display:block;object-fit:cover}
.img-missing{background:repeating-linear-gradient(45deg,#e8e2d8,#e8e2d8 12px,#f4f0e8 12px,#f4f0e8 24px)}
.rc-logo{position:absolute;display:flex;align-items:center;font-family:var(--rc-font-display);font-weight:700;letter-spacing:.02em;color:var(--rc-text)}
.rc-logo img{display:block;height:100%;width:auto}
.rc-page{position:absolute;right:var(--rc-safe-margin);bottom:var(--rc-safe-margin);font-family:var(--rc-font-body);font-size:24px;line-height:1;color:var(--rc-text);opacity:.6}
.stub{position:absolute;inset:0}
</style>
</head>
<body>
<div class="rc-slide" data-slide-id="s1" data-template="A" style="--rc-bg:#FAF6EF;--rc-surface:#FFFFFF;--rc-text:#1F1B16;--rc-accent:#B5532F;--rc-positive:#3F7D4E;--rc-negative:#B3382C;--rc-font-display:&quot;Fraunces&quot;, serif;--rc-font-body:&quot;Inter&quot;, sans-serif;--rc-safe-margin:72px;">
<div class="stub"><img class="img hero" data-image="hero" alt="" src="data:image/webp;base64,AAAA"><div class="slot display k" data-slot="kicker" data-fit data-fit-min="28" data-fit-max="34" style="font-size:34px;max-height:45px">Mito</div><div class="slot display h" data-slot="headline" data-fit data-fit-min="64" data-fit-max="96" style="font-size:96px;max-height:342px">¿Por qué no lavar el arroz?<br>Segunda línea</div></div>
<div class="rc-logo" data-logo style="bottom:var(--rc-safe-margin);left:var(--rc-safe-margin);height:48px;font-size:29px">Reg.Chef</div>
<div class="rc-page" data-page>1/6</div>
</div>
<script>(function () {
  var STEP = 2;
  function overflows(el) {
    return el.scrollHeight > el.clientHeight + 1 || el.scrollWidth > el.clientWidth + 1;
  }
  function fit() {
    var nodes = document.querySelectorAll("[data-fit]");
    for (var i = 0; i < nodes.length; i++) {
      var el = nodes[i];
      var max = Number(el.getAttribute("data-fit-max"));
      var min = Number(el.getAttribute("data-fit-min"));
      var size = max;
      el.style.fontSize = size + "px";
      while (size > min && overflows(el)) {
        size = Math.max(min, size - STEP);
        el.style.fontSize = size + "px";
      }
      if (overflows(el)) el.setAttribute("data-overflow", "true");
      el.setAttribute("data-font-px", String(size));
    }
    document.documentElement.setAttribute("data-fit-done", "true");
  }
  window.__rcFit = fit;
  var ready = document.fonts && document.fonts.ready ? document.fonts.ready : Promise.resolve();
  ready.then(fit, fit);
})();</script>
</body>
</html>
"
`;
